// Jest Snapshot v1, https://goo.gl/fbAQLP

exports[`Test to AddCategory component should create component 1`] = `
<Fragment>
  <form
    onSubmit={[Function]}
  >
    <input
      onChange={[Function]}
      type="text"
      value=""
    />
    <p />
  </form>
</Fragment>
`;
